/Users/mpe/Library/Python/3.9/lib/python/site-packages/urllib3/__init__.py:35: NotOpenSSLWarning: urllib3 v2 only supports OpenSSL 1.1.1+, currently the 'ssl' module is compiled with 'LibreSSL 2.8.3'. See: https://github.com/urllib3/urllib3/issues/3020
  warnings.warn(
/Users/mpe/Library/Python/3.9/lib/python/site-packages/urllib3/__init__.py:35: NotOpenSSLWarning: urllib3 v2 only supports OpenSSL 1.1.1+, currently the 'ssl' module is compiled with 'LibreSSL 2.8.3'. See: https://github.com/urllib3/urllib3/issues/3020
  warnings.warn(
Starting restaurant bot…
Checking for new restaurants…
Telegram error: {"ok":false,"error_code":400,"description":"Bad Request: text is too long"}
Sent 4520 new restaurants to Telegram!
Sleeping for 1 hour…
Traceback (most recent call last):
  File "/Users/mpe/Desktop/berlin-restaurants-bot/main.py", line 95, in <module>
    time.sleep(86400)  
KeyboardInterrupt
/Users/mpe/Library/Python/3.9/lib/python/site-packages/urllib3/__init__.py:35: NotOpenSSLWarning: urllib3 v2 only supports OpenSSL 1.1.1+, currently the 'ssl' module is compiled with 'LibreSSL 2.8.3'. See: https://github.com/urllib3/urllib3/issues/3020
  warnings.warn(
Starting restaurant bot…
Checking for new restaurants…
No new restaurants found.
Sleeping for 1 hour…
Traceback (most recent call last):
  File "/Users/mpe/Desktop/berlin-restaurants-bot/main.py", line 95, in <module>
    message += f"- {r['name']} ({r['lat']:.5f}, {r['lon']:.5f})\n"
KeyboardInterrupt
/Users/mpe/Library/Python/3.9/lib/python/site-packages/urllib3/__init__.py:35: NotOpenSSLWarning: urllib3 v2 only supports OpenSSL 1.1.1+, currently the 'ssl' module is compiled with 'LibreSSL 2.8.3'. See: https://github.com/urllib3/urllib3/issues/3020
  warnings.warn(
[2026-01-24 23:33:10] Running test restaurant fetch…
[2026-01-24 23:33:15] Found 0 new restaurants.
[2026-01-24 23:33:15] No new restaurants for test.
